2025-12-08 19:01:16,284 - fsevents - DEBUG - NativeEvent(path="/Users/raghu/Downloads/BigData (1)/core/__pycache__/config.cpython-311.pyc.5934421168", inode=33757980, flags=11900, id=531025321): is_coalesced, is_created, is_file, is_modified, is_renamed
2025-12-08 19:01:16,284 - fsevents - DEBUG - NativeEvent(path="/Users/raghu/Downloads/BigData (1)/core/__pycache__/config.cpython-311.pyc", inode=33757980, flags=10800, id=531025322): is_file, is_renamed
2025-12-08 19:01:16,284 - fsevents - DEBUG - NativeEvent(path="/Users/raghu/Downloads/BigData (1)/data/logs/app_20251208.log", inode=33757981, flags=10100, id=531025325): is_created, is_file
2025-12-08 19:01:16,284 - fsevents - DEBUG - queue_event <FileCreatedEvent: event_type=created, src_path='/Users/raghu/Downloads/BigData (1)/core/__pycache__/config.cpython-311.pyc.5934421168', is_directory=False>
2025-12-08 19:01:16,284 - fsevents - DEBUG - queue_event <DirModifiedEvent: event_type=modified, src_path='/Users/raghu/Downloads/BigData (1)/core/__pycache__', is_directory=True>
2025-12-08 19:01:16,284 - fsevents - DEBUG - queue_event <FileModifiedEvent: event_type=modified, src_path='/Users/raghu/Downloads/BigData (1)/core/__pycache__/config.cpython-311.pyc.5934421168', is_directory=False>
2025-12-08 19:01:16,284 - fsevents - DEBUG - Destination event for rename is NativeEvent(path="/Users/raghu/Downloads/BigData (1)/core/__pycache__/config.cpython-311.pyc", inode=33757980, flags=10800, id=531025322)
2025-12-08 19:01:16,285 - fsevents - DEBUG - queue_event <FileMovedEvent: src_path='/Users/raghu/Downloads/BigData (1)/core/__pycache__/config.cpython-311.pyc.5934421168', dest_path='/Users/raghu/Downloads/BigData (1)/core/__pycache__/config.cpython-311.pyc', is_directory=False>
2025-12-08 19:01:16,285 - fsevents - DEBUG - queue_event <DirModifiedEvent: event_type=modified, src_path='/Users/raghu/Downloads/BigData (1)/core/__pycache__', is_directory=True>
2025-12-08 19:01:16,285 - fsevents - DEBUG - queue_event <DirModifiedEvent: event_type=modified, src_path='/Users/raghu/Downloads/BigData (1)/core/__pycache__', is_directory=True>
2025-12-08 19:01:16,285 - fsevents - DEBUG - queue_event <FileCreatedEvent: event_type=created, src_path='/Users/raghu/Downloads/BigData (1)/data/logs/app_20251208.log', is_directory=False>
2025-12-08 19:01:16,285 - fsevents - DEBUG - queue_event <DirModifiedEvent: event_type=modified, src_path='/Users/raghu/Downloads/BigData (1)/data/logs', is_directory=True>
2025-12-08 19:03:39,645 - fsevents - DEBUG - NativeEvent(path="/Users/raghu/Downloads/BigData (1)/.DS_Store", inode=33758197, flags=1b500, id=531029678): is_created, is_file, is_inode_meta_mod, is_item_finder_info_modified, is_modified, is_xattr_mod
2025-12-08 19:03:39,648 - fsevents - DEBUG - queue_event <FileCreatedEvent: event_type=created, src_path='/Users/raghu/Downloads/BigData (1)/.DS_Store', is_directory=False>
2025-12-08 19:03:39,648 - fsevents - DEBUG - queue_event <DirModifiedEvent: event_type=modified, src_path='/Users/raghu/Downloads/BigData (1)', is_directory=True>
2025-12-08 19:03:39,649 - fsevents - DEBUG - queue_event <FileModifiedEvent: event_type=modified, src_path='/Users/raghu/Downloads/BigData (1)/.DS_Store', is_directory=False>
2025-12-08 19:05:16,978 - fsevents - DEBUG - NativeEvent(path="/Users/raghu/Downloads/BigData (1)/data/database.db-journal", inode=33758259, flags=15300, id=531031533): is_coalesced, is_created, is_file, is_modified, is_owner_change, is_removed
2025-12-08 19:05:16,979 - fsevents - DEBUG - NativeEvent(path="/Users/raghu/Downloads/BigData (1)/data/database.db", inode=33711249, flags=11000, id=531031536): is_file, is_modified
2025-12-08 19:05:16,979 - fsevents - DEBUG - queue_event <FileCreatedEvent: event_type=created, src_path='/Users/raghu/Downloads/BigData (1)/data/database.db-journal', is_directory=False>
2025-12-08 19:05:16,979 - fsevents - DEBUG - queue_event <DirModifiedEvent: event_type=modified, src_path='/Users/raghu/Downloads/BigData (1)/data', is_directory=True>
2025-12-08 19:05:16,979 - fsevents - DEBUG - queue_event <FileModifiedEvent: event_type=modified, src_path='/Users/raghu/Downloads/BigData (1)/data/database.db-journal', is_directory=False>
2025-12-08 19:05:16,979 - fsevents - DEBUG - queue_event <FileDeletedEvent: event_type=deleted, src_path='/Users/raghu/Downloads/BigData (1)/data/database.db-journal', is_directory=False>
2025-12-08 19:05:16,979 - fsevents - DEBUG - queue_event <DirModifiedEvent: event_type=modified, src_path='/Users/raghu/Downloads/BigData (1)/data', is_directory=True>
2025-12-08 19:05:16,979 - fsevents - DEBUG - queue_event <FileModifiedEvent: event_type=modified, src_path='/Users/raghu/Downloads/BigData (1)/data/database.db', is_directory=False>
2025-12-08 19:05:47,300 - fsevents - DEBUG - NativeEvent(path="/Users/raghu/Downloads/BigData (1)/data/database.db-journal", inode=33758265, flags=15300, id=531031858): is_coalesced, is_created, is_file, is_modified, is_owner_change, is_removed
2025-12-08 19:05:47,301 - fsevents - DEBUG - NativeEvent(path="/Users/raghu/Downloads/BigData (1)/data/database.db", inode=33711249, flags=11000, id=531031861): is_file, is_modified
2025-12-08 19:05:47,301 - fsevents - DEBUG - queue_event <FileCreatedEvent: event_type=created, src_path='/Users/raghu/Downloads/BigData (1)/data/database.db-journal', is_directory=False>
2025-12-08 19:05:47,301 - fsevents - DEBUG - queue_event <DirModifiedEvent: event_type=modified, src_path='/Users/raghu/Downloads/BigData (1)/data', is_directory=True>
2025-12-08 19:05:47,301 - fsevents - DEBUG - queue_event <FileModifiedEvent: event_type=modified, src_path='/Users/raghu/Downloads/BigData (1)/data/database.db-journal', is_directory=False>
2025-12-08 19:05:47,301 - fsevents - DEBUG - queue_event <FileDeletedEvent: event_type=deleted, src_path='/Users/raghu/Downloads/BigData (1)/data/database.db-journal', is_directory=False>
2025-12-08 19:05:47,301 - fsevents - DEBUG - queue_event <DirModifiedEvent: event_type=modified, src_path='/Users/raghu/Downloads/BigData (1)/data', is_directory=True>
2025-12-08 19:05:47,301 - fsevents - DEBUG - queue_event <FileModifiedEvent: event_type=modified, src_path='/Users/raghu/Downloads/BigData (1)/data/database.db', is_directory=False>
2025-12-08 19:05:58,108 - fsevents - DEBUG - NativeEvent(path="/Users/raghu/Downloads/BigData (1)/core/__pycache__/reddit_utils.cpython-311.pyc.5937087376", inode=33758271, flags=11900, id=531032012): is_coalesced, is_created, is_file, is_modified, is_renamed
2025-12-08 19:05:58,108 - fsevents - DEBUG - NativeEvent(path="/Users/raghu/Downloads/BigData (1)/core/__pycache__/reddit_utils.cpython-311.pyc", inode=33758271, flags=10800, id=531032013): is_file, is_renamed
2025-12-08 19:05:58,108 - fsevents - DEBUG - queue_event <FileCreatedEvent: event_type=created, src_path='/Users/raghu/Downloads/BigData (1)/core/__pycache__/reddit_utils.cpython-311.pyc.5937087376', is_directory=False>
2025-12-08 19:05:58,109 - fsevents - DEBUG - queue_event <DirModifiedEvent: event_type=modified, src_path='/Users/raghu/Downloads/BigData (1)/core/__pycache__', is_directory=True>
2025-12-08 19:05:58,109 - fsevents - DEBUG - queue_event <FileModifiedEvent: event_type=modified, src_path='/Users/raghu/Downloads/BigData (1)/core/__pycache__/reddit_utils.cpython-311.pyc.5937087376', is_directory=False>
2025-12-08 19:05:58,109 - fsevents - DEBUG - Destination event for rename is NativeEvent(path="/Users/raghu/Downloads/BigData (1)/core/__pycache__/reddit_utils.cpython-311.pyc", inode=33758271, flags=10800, id=531032013)
2025-12-08 19:05:58,109 - fsevents - DEBUG - queue_event <FileMovedEvent: src_path='/Users/raghu/Downloads/BigData (1)/core/__pycache__/reddit_utils.cpython-311.pyc.5937087376', dest_path='/Users/raghu/Downloads/BigData (1)/core/__pycache__/reddit_utils.cpython-311.pyc', is_directory=False>
2025-12-08 19:05:58,109 - fsevents - DEBUG - queue_event <DirModifiedEvent: event_type=modified, src_path='/Users/raghu/Downloads/BigData (1)/core/__pycache__', is_directory=True>
2025-12-08 19:05:58,109 - fsevents - DEBUG - queue_event <DirModifiedEvent: event_type=modified, src_path='/Users/raghu/Downloads/BigData (1)/core/__pycache__', is_directory=True>
2025-12-08 19:05:58,180 - fsevents - DEBUG - NativeEvent(path="/Users/raghu/Downloads/BigData (1)/core/__pycache__/reddit_utils.cpython-311.pyc.5937087376", inode=33758271, flags=11900, id=531032012): is_coalesced, is_created, is_file, is_modified, is_renamed
2025-12-08 19:05:58,180 - fsevents - DEBUG - NativeEvent(path="/Users/raghu/Downloads/BigData (1)/core/__pycache__/reddit_utils.cpython-311.pyc", inode=33758271, flags=10800, id=531032013): is_file, is_renamed
2025-12-08 19:05:58,180 - fsevents - DEBUG - queue_event <FileCreatedEvent: event_type=created, src_path='/Users/raghu/Downloads/BigData (1)/core/__pycache__/reddit_utils.cpython-311.pyc.5937087376', is_directory=False>
2025-12-08 19:05:58,180 - fsevents - DEBUG - queue_event <DirModifiedEvent: event_type=modified, src_path='/Users/raghu/Downloads/BigData (1)/core/__pycache__', is_directory=True>
2025-12-08 19:05:58,180 - fsevents - DEBUG - queue_event <FileModifiedEvent: event_type=modified, src_path='/Users/raghu/Downloads/BigData (1)/core/__pycache__/reddit_utils.cpython-311.pyc.5937087376', is_directory=False>
2025-12-08 19:05:58,180 - fsevents - DEBUG - Destination event for rename is NativeEvent(path="/Users/raghu/Downloads/BigData (1)/core/__pycache__/reddit_utils.cpython-311.pyc", inode=33758271, flags=10800, id=531032013)
2025-12-08 19:05:58,180 - fsevents - DEBUG - queue_event <FileMovedEvent: src_path='/Users/raghu/Downloads/BigData (1)/core/__pycache__/reddit_utils.cpython-311.pyc.5937087376', dest_path='/Users/raghu/Downloads/BigData (1)/core/__pycache__/reddit_utils.cpython-311.pyc', is_directory=False>
2025-12-08 19:05:58,180 - fsevents - DEBUG - queue_event <DirModifiedEvent: event_type=modified, src_path='/Users/raghu/Downloads/BigData (1)/core/__pycache__', is_directory=True>
2025-12-08 19:05:58,180 - fsevents - DEBUG - queue_event <DirModifiedEvent: event_type=modified, src_path='/Users/raghu/Downloads/BigData (1)/core/__pycache__', is_directory=True>
2025-12-08 19:06:05,818 - fsevents - DEBUG - NativeEvent(path="/Users/raghu/Downloads/BigData (1)/core/__pycache__/storage.cpython-311.pyc.5953561776", inode=33758275, flags=11900, id=531032132): is_coalesced, is_created, is_file, is_modified, is_renamed
2025-12-08 19:06:05,818 - fsevents - DEBUG - NativeEvent(path="/Users/raghu/Downloads/BigData (1)/core/__pycache__/storage.cpython-311.pyc.5953561776", inode=33758275, flags=11900, id=531032132): is_coalesced, is_created, is_file, is_modified, is_renamed
2025-12-08 19:06:05,819 - fsevents - DEBUG - NativeEvent(path="/Users/raghu/Downloads/BigData (1)/core/__pycache__/storage.cpython-311.pyc", inode=33758275, flags=10800, id=531032133): is_file, is_renamed
2025-12-08 19:06:05,819 - fsevents - DEBUG - NativeEvent(path="/Users/raghu/Downloads/BigData (1)/core/__pycache__/storage.cpython-311.pyc", inode=33758275, flags=10800, id=531032133): is_file, is_renamed
2025-12-08 19:06:05,819 - fsevents - DEBUG - queue_event <FileCreatedEvent: event_type=created, src_path='/Users/raghu/Downloads/BigData (1)/core/__pycache__/storage.cpython-311.pyc.5953561776', is_directory=False>
2025-12-08 19:06:05,819 - fsevents - DEBUG - queue_event <DirModifiedEvent: event_type=modified, src_path='/Users/raghu/Downloads/BigData (1)/core/__pycache__', is_directory=True>
2025-12-08 19:06:05,819 - fsevents - DEBUG - queue_event <FileCreatedEvent: event_type=created, src_path='/Users/raghu/Downloads/BigData (1)/core/__pycache__/storage.cpython-311.pyc.5953561776', is_directory=False>
2025-12-08 19:06:05,838 - fsevents - DEBUG - queue_event <FileModifiedEvent: event_type=modified, src_path='/Users/raghu/Downloads/BigData (1)/core/__pycache__/storage.cpython-311.pyc.5953561776', is_directory=False>
2025-12-08 19:06:05,838 - fsevents - DEBUG - queue_event <DirModifiedEvent: event_type=modified, src_path='/Users/raghu/Downloads/BigData (1)/core/__pycache__', is_directory=True>
2025-12-08 19:06:05,838 - fsevents - DEBUG - Destination event for rename is NativeEvent(path="/Users/raghu/Downloads/BigData (1)/core/__pycache__/storage.cpython-311.pyc", inode=33758275, flags=10800, id=531032133)
2025-12-08 19:06:05,855 - fsevents - DEBUG - queue_event <FileModifiedEvent: event_type=modified, src_path='/Users/raghu/Downloads/BigData (1)/core/__pycache__/storage.cpython-311.pyc.5953561776', is_directory=False>
2025-12-08 19:06:05,855 - fsevents - DEBUG - queue_event <FileMovedEvent: src_path='/Users/raghu/Downloads/BigData (1)/core/__pycache__/storage.cpython-311.pyc.5953561776', dest_path='/Users/raghu/Downloads/BigData (1)/core/__pycache__/storage.cpython-311.pyc', is_directory=False>
2025-12-08 19:06:05,855 - fsevents - DEBUG - Destination event for rename is NativeEvent(path="/Users/raghu/Downloads/BigData (1)/core/__pycache__/storage.cpython-311.pyc", inode=33758275, flags=10800, id=531032133)
2025-12-08 19:06:05,855 - fsevents - DEBUG - queue_event <DirModifiedEvent: event_type=modified, src_path='/Users/raghu/Downloads/BigData (1)/core/__pycache__', is_directory=True>
2025-12-08 19:06:05,895 - fsevents - DEBUG - queue_event <FileMovedEvent: src_path='/Users/raghu/Downloads/BigData (1)/core/__pycache__/storage.cpython-311.pyc.5953561776', dest_path='/Users/raghu/Downloads/BigData (1)/core/__pycache__/storage.cpython-311.pyc', is_directory=False>
2025-12-08 19:06:05,895 - fsevents - DEBUG - queue_event <DirModifiedEvent: event_type=modified, src_path='/Users/raghu/Downloads/BigData (1)/core/__pycache__', is_directory=True>
2025-12-08 19:06:05,895 - fsevents - DEBUG - queue_event <DirModifiedEvent: event_type=modified, src_path='/Users/raghu/Downloads/BigData (1)/core/__pycache__', is_directory=True>
2025-12-08 19:06:05,896 - fsevents - DEBUG - queue_event <DirModifiedEvent: event_type=modified, src_path='/Users/raghu/Downloads/BigData (1)/core/__pycache__', is_directory=True>
2025-12-08 19:06:06,014 - fsevents - DEBUG - NativeEvent(path="/Users/raghu/Downloads/BigData (1)/core/__pycache__/visualization.cpython-311.pyc.5962615376", inode=33758283, flags=11900, id=531032277): is_coalesced, is_created, is_file, is_modified, is_renamed
2025-12-08 19:06:06,014 - fsevents - DEBUG - NativeEvent(path="/Users/raghu/Downloads/BigData (1)/core/__pycache__/visualization.cpython-311.pyc.5962615376", inode=33758283, flags=11900, id=531032277): is_coalesced, is_created, is_file, is_modified, is_renamed
2025-12-08 19:06:06,014 - fsevents - DEBUG - NativeEvent(path="/Users/raghu/Downloads/BigData (1)/core/__pycache__/visualization.cpython-311.pyc", inode=33758283, flags=10800, id=531032278): is_file, is_renamed
2025-12-08 19:06:06,014 - fsevents - DEBUG - NativeEvent(path="/Users/raghu/Downloads/BigData (1)/core/__pycache__/visualization.cpython-311.pyc", inode=33758283, flags=10800, id=531032278): is_file, is_renamed
2025-12-08 19:06:06,014 - fsevents - DEBUG - queue_event <FileCreatedEvent: event_type=created, src_path='/Users/raghu/Downloads/BigData (1)/core/__pycache__/visualization.cpython-311.pyc.5962615376', is_directory=False>
2025-12-08 19:06:06,014 - fsevents - DEBUG - queue_event <FileCreatedEvent: event_type=created, src_path='/Users/raghu/Downloads/BigData (1)/core/__pycache__/visualization.cpython-311.pyc.5962615376', is_directory=False>
2025-12-08 19:06:06,014 - fsevents - DEBUG - queue_event <DirModifiedEvent: event_type=modified, src_path='/Users/raghu/Downloads/BigData (1)/core/__pycache__', is_directory=True>
2025-12-08 19:06:06,014 - fsevents - DEBUG - queue_event <DirModifiedEvent: event_type=modified, src_path='/Users/raghu/Downloads/BigData (1)/core/__pycache__', is_directory=True>
2025-12-08 19:06:06,014 - fsevents - DEBUG - queue_event <FileModifiedEvent: event_type=modified, src_path='/Users/raghu/Downloads/BigData (1)/core/__pycache__/visualization.cpython-311.pyc.5962615376', is_directory=False>
2025-12-08 19:06:06,014 - fsevents - DEBUG - queue_event <FileModifiedEvent: event_type=modified, src_path='/Users/raghu/Downloads/BigData (1)/core/__pycache__/visualization.cpython-311.pyc.5962615376', is_directory=False>
2025-12-08 19:06:06,014 - fsevents - DEBUG - Destination event for rename is NativeEvent(path="/Users/raghu/Downloads/BigData (1)/core/__pycache__/visualization.cpython-311.pyc", inode=33758283, flags=10800, id=531032278)
2025-12-08 19:06:06,014 - fsevents - DEBUG - Destination event for rename is NativeEvent(path="/Users/raghu/Downloads/BigData (1)/core/__pycache__/visualization.cpython-311.pyc", inode=33758283, flags=10800, id=531032278)
2025-12-08 19:06:06,014 - fsevents - DEBUG - queue_event <FileMovedEvent: src_path='/Users/raghu/Downloads/BigData (1)/core/__pycache__/visualization.cpython-311.pyc.5962615376', dest_path='/Users/raghu/Downloads/BigData (1)/core/__pycache__/visualization.cpython-311.pyc', is_directory=False>
2025-12-08 19:06:06,014 - fsevents - DEBUG - queue_event <FileMovedEvent: src_path='/Users/raghu/Downloads/BigData (1)/core/__pycache__/visualization.cpython-311.pyc.5962615376', dest_path='/Users/raghu/Downloads/BigData (1)/core/__pycache__/visualization.cpython-311.pyc', is_directory=False>
2025-12-08 19:06:06,014 - fsevents - DEBUG - queue_event <DirModifiedEvent: event_type=modified, src_path='/Users/raghu/Downloads/BigData (1)/core/__pycache__', is_directory=True>
2025-12-08 19:06:06,014 - fsevents - DEBUG - queue_event <DirModifiedEvent: event_type=modified, src_path='/Users/raghu/Downloads/BigData (1)/core/__pycache__', is_directory=True>
2025-12-08 19:06:06,014 - fsevents - DEBUG - queue_event <DirModifiedEvent: event_type=modified, src_path='/Users/raghu/Downloads/BigData (1)/core/__pycache__', is_directory=True>
2025-12-08 19:06:06,014 - fsevents - DEBUG - queue_event <DirModifiedEvent: event_type=modified, src_path='/Users/raghu/Downloads/BigData (1)/core/__pycache__', is_directory=True>
2025-12-08 19:06:17,464 - fsevents - DEBUG - NativeEvent(path="/Users/raghu/Downloads/BigData (1)/core/__pycache__/ingestion.cpython-311.pyc.5991758128", inode=33758290, flags=11900, id=531032501): is_coalesced, is_created, is_file, is_modified, is_renamed
2025-12-08 19:06:17,465 - fsevents - DEBUG - NativeEvent(path="/Users/raghu/Downloads/BigData (1)/core/__pycache__/ingestion.cpython-311.pyc.5991758128", inode=33758290, flags=11900, id=531032501): is_coalesced, is_created, is_file, is_modified, is_renamed
2025-12-08 19:06:17,465 - fsevents - DEBUG - NativeEvent(path="/Users/raghu/Downloads/BigData (1)/core/__pycache__/ingestion.cpython-311.pyc", inode=33758290, flags=10800, id=531032502): is_file, is_renamed
2025-12-08 19:06:17,468 - fsevents - DEBUG - NativeEvent(path="/Users/raghu/Downloads/BigData (1)/core/__pycache__/ingestion.cpython-311.pyc", inode=33758290, flags=10800, id=531032502): is_file, is_renamed
2025-12-08 19:06:17,468 - fsevents - DEBUG - NativeEvent(path="/Users/raghu/Downloads/BigData (1)/core/__pycache__/data_sources.cpython-311.pyc.5993910544", inode=33758291, flags=11900, id=531032511): is_coalesced, is_created, is_file, is_modified, is_renamed
2025-12-08 19:06:17,468 - fsevents - DEBUG - NativeEvent(path="/Users/raghu/Downloads/BigData (1)/core/__pycache__/data_sources.cpython-311.pyc.5993910544", inode=33758291, flags=11900, id=531032511): is_coalesced, is_created, is_file, is_modified, is_renamed
2025-12-08 19:06:17,469 - fsevents - DEBUG - NativeEvent(path="/Users/raghu/Downloads/BigData (1)/core/__pycache__/data_sources.cpython-311.pyc", inode=33758291, flags=10800, id=531032512): is_file, is_renamed
2025-12-08 19:06:17,469 - fsevents - DEBUG - NativeEvent(path="/Users/raghu/Downloads/BigData (1)/core/__pycache__/data_sources.cpython-311.pyc", inode=33758291, flags=10800, id=531032512): is_file, is_renamed
2025-12-08 19:06:17,472 - fsevents - DEBUG - queue_event <FileCreatedEvent: event_type=created, src_path='/Users/raghu/Downloads/BigData (1)/core/__pycache__/ingestion.cpython-311.pyc.5991758128', is_directory=False>
2025-12-08 19:06:17,473 - fsevents - DEBUG - queue_event <FileCreatedEvent: event_type=created, src_path='/Users/raghu/Downloads/BigData (1)/core/__pycache__/ingestion.cpython-311.pyc.5991758128', is_directory=False>
2025-12-08 19:06:17,473 - fsevents - DEBUG - queue_event <DirModifiedEvent: event_type=modified, src_path='/Users/raghu/Downloads/BigData (1)/core/__pycache__', is_directory=True>
2025-12-08 19:06:17,473 - fsevents - DEBUG - queue_event <DirModifiedEvent: event_type=modified, src_path='/Users/raghu/Downloads/BigData (1)/core/__pycache__', is_directory=True>
2025-12-08 19:06:17,473 - fsevents - DEBUG - queue_event <FileModifiedEvent: event_type=modified, src_path='/Users/raghu/Downloads/BigData (1)/core/__pycache__/ingestion.cpython-311.pyc.5991758128', is_directory=False>
2025-12-08 19:06:17,473 - fsevents - DEBUG - queue_event <FileModifiedEvent: event_type=modified, src_path='/Users/raghu/Downloads/BigData (1)/core/__pycache__/ingestion.cpython-311.pyc.5991758128', is_directory=False>
2025-12-08 19:06:17,473 - fsevents - DEBUG - Destination event for rename is NativeEvent(path="/Users/raghu/Downloads/BigData (1)/core/__pycache__/ingestion.cpython-311.pyc", inode=33758290, flags=10800, id=531032502)
2025-12-08 19:06:17,474 - fsevents - DEBUG - Destination event for rename is NativeEvent(path="/Users/raghu/Downloads/BigData (1)/core/__pycache__/ingestion.cpython-311.pyc", inode=33758290, flags=10800, id=531032502)
2025-12-08 19:06:17,474 - fsevents - DEBUG - queue_event <FileMovedEvent: src_path='/Users/raghu/Downloads/BigData (1)/core/__pycache__/ingestion.cpython-311.pyc.5991758128', dest_path='/Users/raghu/Downloads/BigData (1)/core/__pycache__/ingestion.cpython-311.pyc', is_directory=False>
2025-12-08 19:06:17,475 - fsevents - DEBUG - queue_event <FileMovedEvent: src_path='/Users/raghu/Downloads/BigData (1)/core/__pycache__/ingestion.cpython-311.pyc.5991758128', dest_path='/Users/raghu/Downloads/BigData (1)/core/__pycache__/ingestion.cpython-311.pyc', is_directory=False>
2025-12-08 19:06:17,475 - fsevents - DEBUG - queue_event <DirModifiedEvent: event_type=modified, src_path='/Users/raghu/Downloads/BigData (1)/core/__pycache__', is_directory=True>
2025-12-08 19:06:17,475 - fsevents - DEBUG - queue_event <DirModifiedEvent: event_type=modified, src_path='/Users/raghu/Downloads/BigData (1)/core/__pycache__', is_directory=True>
2025-12-08 19:06:17,476 - fsevents - DEBUG - queue_event <DirModifiedEvent: event_type=modified, src_path='/Users/raghu/Downloads/BigData (1)/core/__pycache__', is_directory=True>
2025-12-08 19:06:17,476 - fsevents - DEBUG - queue_event <DirModifiedEvent: event_type=modified, src_path='/Users/raghu/Downloads/BigData (1)/core/__pycache__', is_directory=True>
2025-12-08 19:06:17,477 - fsevents - DEBUG - queue_event <FileCreatedEvent: event_type=created, src_path='/Users/raghu/Downloads/BigData (1)/core/__pycache__/data_sources.cpython-311.pyc.5993910544', is_directory=False>
2025-12-08 19:06:17,477 - fsevents - DEBUG - queue_event <FileCreatedEvent: event_type=created, src_path='/Users/raghu/Downloads/BigData (1)/core/__pycache__/data_sources.cpython-311.pyc.5993910544', is_directory=False>
2025-12-08 19:06:17,477 - fsevents - DEBUG - queue_event <DirModifiedEvent: event_type=modified, src_path='/Users/raghu/Downloads/BigData (1)/core/__pycache__', is_directory=True>
2025-12-08 19:06:17,478 - fsevents - DEBUG - queue_event <DirModifiedEvent: event_type=modified, src_path='/Users/raghu/Downloads/BigData (1)/core/__pycache__', is_directory=True>
2025-12-08 19:06:17,479 - fsevents - DEBUG - queue_event <FileModifiedEvent: event_type=modified, src_path='/Users/raghu/Downloads/BigData (1)/core/__pycache__/data_sources.cpython-311.pyc.5993910544', is_directory=False>
2025-12-08 19:06:17,479 - fsevents - DEBUG - queue_event <FileModifiedEvent: event_type=modified, src_path='/Users/raghu/Downloads/BigData (1)/core/__pycache__/data_sources.cpython-311.pyc.5993910544', is_directory=False>
2025-12-08 19:06:17,480 - fsevents - DEBUG - Destination event for rename is NativeEvent(path="/Users/raghu/Downloads/BigData (1)/core/__pycache__/data_sources.cpython-311.pyc", inode=33758291, flags=10800, id=531032512)
2025-12-08 19:06:17,518 - fsevents - DEBUG - Destination event for rename is NativeEvent(path="/Users/raghu/Downloads/BigData (1)/core/__pycache__/data_sources.cpython-311.pyc", inode=33758291, flags=10800, id=531032512)
2025-12-08 19:06:17,518 - fsevents - DEBUG - queue_event <FileMovedEvent: src_path='/Users/raghu/Downloads/BigData (1)/core/__pycache__/data_sources.cpython-311.pyc.5993910544', dest_path='/Users/raghu/Downloads/BigData (1)/core/__pycache__/data_sources.cpython-311.pyc', is_directory=False>
2025-12-08 19:06:17,519 - fsevents - DEBUG - queue_event <FileMovedEvent: src_path='/Users/raghu/Downloads/BigData (1)/core/__pycache__/data_sources.cpython-311.pyc.5993910544', dest_path='/Users/raghu/Downloads/BigData (1)/core/__pycache__/data_sources.cpython-311.pyc', is_directory=False>
2025-12-08 19:06:17,519 - fsevents - DEBUG - queue_event <DirModifiedEvent: event_type=modified, src_path='/Users/raghu/Downloads/BigData (1)/core/__pycache__', is_directory=True>
2025-12-08 19:06:17,519 - fsevents - DEBUG - queue_event <DirModifiedEvent: event_type=modified, src_path='/Users/raghu/Downloads/BigData (1)/core/__pycache__', is_directory=True>
2025-12-08 19:06:17,519 - fsevents - DEBUG - queue_event <DirModifiedEvent: event_type=modified, src_path='/Users/raghu/Downloads/BigData (1)/core/__pycache__', is_directory=True>
2025-12-08 19:06:17,520 - fsevents - DEBUG - queue_event <DirModifiedEvent: event_type=modified, src_path='/Users/raghu/Downloads/BigData (1)/core/__pycache__', is_directory=True>
2025-12-08 19:06:39,908 - fsevents - DEBUG - NativeEvent(path="/Users/raghu/Downloads/BigData (1)/core/__pycache__/ai_assistant.cpython-311.pyc.5993914720", inode=33758324, flags=11900, id=531033152): is_coalesced, is_created, is_file, is_modified, is_renamed
2025-12-08 19:06:39,908 - fsevents - DEBUG - NativeEvent(path="/Users/raghu/Downloads/BigData (1)/core/__pycache__/ai_assistant.cpython-311.pyc.5993914720", inode=33758324, flags=11900, id=531033152): is_coalesced, is_created, is_file, is_modified, is_renamed
2025-12-08 19:06:39,909 - fsevents - DEBUG - NativeEvent(path="/Users/raghu/Downloads/BigData (1)/core/__pycache__/ai_assistant.cpython-311.pyc", inode=33758324, flags=10800, id=531033153): is_file, is_renamed
2025-12-08 19:06:39,909 - fsevents - DEBUG - NativeEvent(path="/Users/raghu/Downloads/BigData (1)/core/__pycache__/ai_assistant.cpython-311.pyc", inode=33758324, flags=10800, id=531033153): is_file, is_renamed
2025-12-08 19:06:39,909 - fsevents - DEBUG - queue_event <FileCreatedEvent: event_type=created, src_path='/Users/raghu/Downloads/BigData (1)/core/__pycache__/ai_assistant.cpython-311.pyc.5993914720', is_directory=False>
2025-12-08 19:06:39,909 - fsevents - DEBUG - queue_event <DirModifiedEvent: event_type=modified, src_path='/Users/raghu/Downloads/BigData (1)/core/__pycache__', is_directory=True>
2025-12-08 19:06:39,909 - fsevents - DEBUG - queue_event <FileModifiedEvent: event_type=modified, src_path='/Users/raghu/Downloads/BigData (1)/core/__pycache__/ai_assistant.cpython-311.pyc.5993914720', is_directory=False>
2025-12-08 19:06:39,909 - fsevents - DEBUG - Destination event for rename is NativeEvent(path="/Users/raghu/Downloads/BigData (1)/core/__pycache__/ai_assistant.cpython-311.pyc", inode=33758324, flags=10800, id=531033153)
2025-12-08 19:06:39,909 - fsevents - DEBUG - queue_event <FileMovedEvent: src_path='/Users/raghu/Downloads/BigData (1)/core/__pycache__/ai_assistant.cpython-311.pyc.5993914720', dest_path='/Users/raghu/Downloads/BigData (1)/core/__pycache__/ai_assistant.cpython-311.pyc', is_directory=False>
2025-12-08 19:06:39,909 - fsevents - DEBUG - queue_event <DirModifiedEvent: event_type=modified, src_path='/Users/raghu/Downloads/BigData (1)/core/__pycache__', is_directory=True>
2025-12-08 19:06:39,909 - fsevents - DEBUG - queue_event <DirModifiedEvent: event_type=modified, src_path='/Users/raghu/Downloads/BigData (1)/core/__pycache__', is_directory=True>
2025-12-08 19:06:39,909 - fsevents - DEBUG - queue_event <FileCreatedEvent: event_type=created, src_path='/Users/raghu/Downloads/BigData (1)/core/__pycache__/ai_assistant.cpython-311.pyc.5993914720', is_directory=False>
2025-12-08 19:06:39,909 - fsevents - DEBUG - queue_event <DirModifiedEvent: event_type=modified, src_path='/Users/raghu/Downloads/BigData (1)/core/__pycache__', is_directory=True>
2025-12-08 19:06:39,909 - fsevents - DEBUG - queue_event <FileModifiedEvent: event_type=modified, src_path='/Users/raghu/Downloads/BigData (1)/core/__pycache__/ai_assistant.cpython-311.pyc.5993914720', is_directory=False>
2025-12-08 19:06:39,910 - fsevents - DEBUG - Destination event for rename is NativeEvent(path="/Users/raghu/Downloads/BigData (1)/core/__pycache__/ai_assistant.cpython-311.pyc", inode=33758324, flags=10800, id=531033153)
2025-12-08 19:06:39,910 - fsevents - DEBUG - queue_event <FileMovedEvent: src_path='/Users/raghu/Downloads/BigData (1)/core/__pycache__/ai_assistant.cpython-311.pyc.5993914720', dest_path='/Users/raghu/Downloads/BigData (1)/core/__pycache__/ai_assistant.cpython-311.pyc', is_directory=False>
2025-12-08 19:06:39,910 - fsevents - DEBUG - queue_event <DirModifiedEvent: event_type=modified, src_path='/Users/raghu/Downloads/BigData (1)/core/__pycache__', is_directory=True>
2025-12-08 19:06:39,910 - fsevents - DEBUG - queue_event <DirModifiedEvent: event_type=modified, src_path='/Users/raghu/Downloads/BigData (1)/core/__pycache__', is_directory=True>
2025-12-08 19:06:42,207 - fsevents - DEBUG - NativeEvent(path="/Users/raghu/Downloads/BigData (1)/core/__pycache__/alerts.cpython-311.pyc.5951491248", inode=33758330, flags=11900, id=531033244): is_coalesced, is_created, is_file, is_modified, is_renamed
2025-12-08 19:06:42,207 - fsevents - DEBUG - NativeEvent(path="/Users/raghu/Downloads/BigData (1)/core/__pycache__/alerts.cpython-311.pyc.5951491248", inode=33758330, flags=11900, id=531033244): is_coalesced, is_created, is_file, is_modified, is_renamed
2025-12-08 19:06:42,208 - fsevents - DEBUG - NativeEvent(path="/Users/raghu/Downloads/BigData (1)/core/__pycache__/alerts.cpython-311.pyc", inode=33758330, flags=10800, id=531033245): is_file, is_renamed
2025-12-08 19:06:42,208 - fsevents - DEBUG - NativeEvent(path="/Users/raghu/Downloads/BigData (1)/core/__pycache__/alerts.cpython-311.pyc", inode=33758330, flags=10800, id=531033245): is_file, is_renamed
2025-12-08 19:06:42,208 - fsevents - DEBUG - queue_event <FileCreatedEvent: event_type=created, src_path='/Users/raghu/Downloads/BigData (1)/core/__pycache__/alerts.cpython-311.pyc.5951491248', is_directory=False>
2025-12-08 19:06:42,208 - fsevents - DEBUG - queue_event <FileCreatedEvent: event_type=created, src_path='/Users/raghu/Downloads/BigData (1)/core/__pycache__/alerts.cpython-311.pyc.5951491248', is_directory=False>
2025-12-08 19:06:42,209 - fsevents - DEBUG - queue_event <DirModifiedEvent: event_type=modified, src_path='/Users/raghu/Downloads/BigData (1)/core/__pycache__', is_directory=True>
2025-12-08 19:06:42,209 - fsevents - DEBUG - queue_event <DirModifiedEvent: event_type=modified, src_path='/Users/raghu/Downloads/BigData (1)/core/__pycache__', is_directory=True>
2025-12-08 19:06:42,209 - fsevents - DEBUG - queue_event <FileModifiedEvent: event_type=modified, src_path='/Users/raghu/Downloads/BigData (1)/core/__pycache__/alerts.cpython-311.pyc.5951491248', is_directory=False>
2025-12-08 19:06:42,209 - fsevents - DEBUG - queue_event <FileModifiedEvent: event_type=modified, src_path='/Users/raghu/Downloads/BigData (1)/core/__pycache__/alerts.cpython-311.pyc.5951491248', is_directory=False>
2025-12-08 19:06:42,209 - fsevents - DEBUG - Destination event for rename is NativeEvent(path="/Users/raghu/Downloads/BigData (1)/core/__pycache__/alerts.cpython-311.pyc", inode=33758330, flags=10800, id=531033245)
2025-12-08 19:06:42,209 - fsevents - DEBUG - Destination event for rename is NativeEvent(path="/Users/raghu/Downloads/BigData (1)/core/__pycache__/alerts.cpython-311.pyc", inode=33758330, flags=10800, id=531033245)
2025-12-08 19:06:42,209 - fsevents - DEBUG - queue_event <FileMovedEvent: src_path='/Users/raghu/Downloads/BigData (1)/core/__pycache__/alerts.cpython-311.pyc.5951491248', dest_path='/Users/raghu/Downloads/BigData (1)/core/__pycache__/alerts.cpython-311.pyc', is_directory=False>
2025-12-08 19:06:42,209 - fsevents - DEBUG - queue_event <FileMovedEvent: src_path='/Users/raghu/Downloads/BigData (1)/core/__pycache__/alerts.cpython-311.pyc.5951491248', dest_path='/Users/raghu/Downloads/BigData (1)/core/__pycache__/alerts.cpython-311.pyc', is_directory=False>
2025-12-08 19:06:42,210 - fsevents - DEBUG - queue_event <DirModifiedEvent: event_type=modified, src_path='/Users/raghu/Downloads/BigData (1)/core/__pycache__', is_directory=True>
2025-12-08 19:06:42,210 - fsevents - DEBUG - queue_event <DirModifiedEvent: event_type=modified, src_path='/Users/raghu/Downloads/BigData (1)/core/__pycache__', is_directory=True>
2025-12-08 19:06:42,210 - fsevents - DEBUG - queue_event <DirModifiedEvent: event_type=modified, src_path='/Users/raghu/Downloads/BigData (1)/core/__pycache__', is_directory=True>
2025-12-08 19:06:42,210 - fsevents - DEBUG - queue_event <DirModifiedEvent: event_type=modified, src_path='/Users/raghu/Downloads/BigData (1)/core/__pycache__', is_directory=True>
2025-12-08 19:54:58,831 - fsevents - DEBUG - NativeEvent(path="/Users/raghu/Downloads/BigData (1)/core/__pycache__/processing.cpython-311.pyc.5990527024", inode=33764010, flags=11900, id=531136587): is_coalesced, is_created, is_file, is_modified, is_renamed
2025-12-08 19:54:58,832 - fsevents - DEBUG - NativeEvent(path="/Users/raghu/Downloads/BigData (1)/core/__pycache__/processing.cpython-311.pyc", inode=33764010, flags=10800, id=531136588): is_file, is_renamed
2025-12-08 19:54:58,832 - fsevents - DEBUG - queue_event <FileCreatedEvent: event_type=created, src_path='/Users/raghu/Downloads/BigData (1)/core/__pycache__/processing.cpython-311.pyc.5990527024', is_directory=False>
2025-12-08 19:54:58,832 - fsevents - DEBUG - queue_event <DirModifiedEvent: event_type=modified, src_path='/Users/raghu/Downloads/BigData (1)/core/__pycache__', is_directory=True>
2025-12-08 19:54:58,832 - fsevents - DEBUG - queue_event <FileModifiedEvent: event_type=modified, src_path='/Users/raghu/Downloads/BigData (1)/core/__pycache__/processing.cpython-311.pyc.5990527024', is_directory=False>
2025-12-08 19:54:58,832 - fsevents - DEBUG - Destination event for rename is NativeEvent(path="/Users/raghu/Downloads/BigData (1)/core/__pycache__/processing.cpython-311.pyc", inode=33764010, flags=10800, id=531136588)
2025-12-08 19:54:58,832 - fsevents - DEBUG - queue_event <FileMovedEvent: src_path='/Users/raghu/Downloads/BigData (1)/core/__pycache__/processing.cpython-311.pyc.5990527024', dest_path='/Users/raghu/Downloads/BigData (1)/core/__pycache__/processing.cpython-311.pyc', is_directory=False>
2025-12-08 19:54:58,832 - fsevents - DEBUG - queue_event <DirModifiedEvent: event_type=modified, src_path='/Users/raghu/Downloads/BigData (1)/core/__pycache__', is_directory=True>
2025-12-08 19:54:58,833 - fsevents - DEBUG - queue_event <DirModifiedEvent: event_type=modified, src_path='/Users/raghu/Downloads/BigData (1)/core/__pycache__', is_directory=True>
2025-12-08 19:54:58,913 - fsevents - DEBUG - NativeEvent(path="/Users/raghu/Downloads/BigData (1)/core/__pycache__/processing.cpython-311.pyc.5990527024", inode=33764010, flags=11900, id=531136587): is_coalesced, is_created, is_file, is_modified, is_renamed
2025-12-08 19:54:58,914 - fsevents - DEBUG - NativeEvent(path="/Users/raghu/Downloads/BigData (1)/core/__pycache__/processing.cpython-311.pyc", inode=33764010, flags=10800, id=531136588): is_file, is_renamed
2025-12-08 19:54:58,914 - fsevents - DEBUG - queue_event <FileCreatedEvent: event_type=created, src_path='/Users/raghu/Downloads/BigData (1)/core/__pycache__/processing.cpython-311.pyc.5990527024', is_directory=False>
2025-12-08 19:54:58,914 - fsevents - DEBUG - queue_event <DirModifiedEvent: event_type=modified, src_path='/Users/raghu/Downloads/BigData (1)/core/__pycache__', is_directory=True>
2025-12-08 19:54:58,914 - fsevents - DEBUG - queue_event <FileModifiedEvent: event_type=modified, src_path='/Users/raghu/Downloads/BigData (1)/core/__pycache__/processing.cpython-311.pyc.5990527024', is_directory=False>
2025-12-08 19:54:58,915 - fsevents - DEBUG - Destination event for rename is NativeEvent(path="/Users/raghu/Downloads/BigData (1)/core/__pycache__/processing.cpython-311.pyc", inode=33764010, flags=10800, id=531136588)
2025-12-08 19:54:58,915 - fsevents - DEBUG - queue_event <FileMovedEvent: src_path='/Users/raghu/Downloads/BigData (1)/core/__pycache__/processing.cpython-311.pyc.5990527024', dest_path='/Users/raghu/Downloads/BigData (1)/core/__pycache__/processing.cpython-311.pyc', is_directory=False>
2025-12-08 19:54:58,915 - fsevents - DEBUG - queue_event <DirModifiedEvent: event_type=modified, src_path='/Users/raghu/Downloads/BigData (1)/core/__pycache__', is_directory=True>
2025-12-08 19:54:58,915 - fsevents - DEBUG - queue_event <DirModifiedEvent: event_type=modified, src_path='/Users/raghu/Downloads/BigData (1)/core/__pycache__', is_directory=True>
2025-12-08 19:55:51,754 - fsevents - DEBUG - NativeEvent(path="/Users/raghu/Downloads/BigData (1)/.DS_Store", inode=33758197, flags=11400, id=531139925): is_file, is_inode_meta_mod, is_modified
2025-12-08 19:55:51,756 - fsevents - DEBUG - queue_event <FileModifiedEvent: event_type=modified, src_path='/Users/raghu/Downloads/BigData (1)/.DS_Store', is_directory=False>
